// Jest Snapshot v1, https://goo.gl/fbAQLP

exports[`AddWorkout Component should match the snapshot 1`] = `
<View
  style={
    Object {
      "alignItems": "center",
      "backgroundColor": "#D3D3D3",
      "borderRadius": 10,
      "flex": 1,
      "justifyContent": "center",
      "marginLeft": 5,
      "marginRight": 5,
      "marginVertical": 20,
    }
  }
>
  <Text
    accessible={true}
    allowFontScaling={true}
    ellipsizeMode="tail"
  >
    Add Workout
  </Text>
  <Text
    accessible={true}
    allowFontScaling={true}
    ellipsizeMode="tail"
  >
    Workout Name: 
  </Text>
  <TextInput
    allowFontScaling={true}
    keyboardAppearance="dark"
    onChangeText={[Function]}
    style={
      Object {
        "backgroundColor": "#ffff",
        "borderRadius": 5,
        "width": 120,
      }
    }
    value=""
  />
  <Text
    accessible={true}
    allowFontScaling={true}
    ellipsizeMode="tail"
  >
    Description (Optional):
  </Text>
  <TextInput
    allowFontScaling={true}
    keyboardAppearance="dark"
    onChangeText={[Function]}
    style={
      Object {
        "backgroundColor": "#ffff",
        "borderRadius": 5,
        "width": 120,
      }
    }
    value=""
  />
  <Text
    accessible={true}
    allowFontScaling={true}
    ellipsizeMode="tail"
  >
    Exercises:
  </Text>
  <Text
    accessible={true}
    allowFontScaling={true}
    ellipsizeMode="tail"
  >
    Exercise Name:
  </Text>
  <TextInput
    allowFontScaling={true}
    keyboardAppearance="dark"
    onChangeText={[Function]}
    style={
      Object {
        "backgroundColor": "#ffff",
        "borderRadius": 5,
        "width": 120,
      }
    }
    value=""
  />
  <Text
    accessible={true}
    allowFontScaling={true}
    ellipsizeMode="tail"
  >
    Reps:
  </Text>
  <TextInput
    allowFontScaling={true}
    keyboardAppearance="dark"
    keyboardType="number-pad"
    onChangeText={[Function]}
    style={
      Object {
        "backgroundColor": "#ffff",
        "borderRadius": 5,
        "width": 120,
      }
    }
    value=""
  />
  <View
    accessibilityComponentType={undefined}
    accessibilityLabel={undefined}
    accessibilityTraits={undefined}
    accessible={true}
    hasTVPreferredFocus={undefined}
    hitSlop={undefined}
    isTVSelectable={true}
    nativeID={undefined}
    onLayout={undefined}
    onResponderGrant={[Function]}
    onResponderMove={[Function]}
    onResponderRelease={[Function]}
    onResponderTerminate={[Function]}
    onResponderTerminationRequest={[Function]}
    onStartShouldSetResponder={[Function]}
    style={
      Object {
        "backgroundColor": "#ffff",
        "padding": 10,
      }
    }
    testID={undefined}
    tvParallaxProperties={undefined}
  >
    <Text
      accessible={true}
      allowFontScaling={true}
      ellipsizeMode="tail"
      style={null}
    >
      Add Exercise
    </Text>
  </View>
</View>
`;
